TAP version 13
# Subtest: Native Fin records authenticates each exact source predecessor
ok 1 - Native Fin records authenticates each exact source predecessor
  ---
  duration_ms: 162.969216
  type: 'test'
  ...
# Subtest: Native Fin records changes current source pins without inventing installed evidence
ok 2 - Native Fin records changes current source pins without inventing installed evidence
  ---
  duration_ms: 737.547701
  type: 'test'
  ...
# Subtest: record and variant fields carry their bounds in site trees and per-definition Binding IR
ok 3 - record and variant fields carry their bounds in site trees and per-definition Binding IR
  ---
  duration_ms: 101.327102
  type: 'test'
  ...
# Subtest: C adapters check record fields and only the active variant case on caller limbs before Lean runs
ok 4 - C adapters check record fields and only the active variant case on caller limbs before Lean runs
  ---
  duration_ms: 34.790655
  type: 'test'
  ...
# Subtest: Lean adapters pass refined records and variants as erased mirrors checked once before one source call
ok 5 - Lean adapters pass refined records and variants as erased mirrors checked once before one source call
  ---
  duration_ms: 20.802302
  type: 'test'
  ...
# Subtest: records and variants without bounds keep their helpers byte for byte
ok 6 - records and variants without bounds keep their helpers byte for byte
  ---
  duration_ms: 1.688846
  type: 'test'
  ...
# Subtest: Perl XS walks record fields and the active case, naming each path
ok 7 - Perl XS walks record fields and the active case, naming each path
  ---
  duration_ms: 28.486258
  type: 'test'
  ...
# Subtest: hosts reading only the Binding IR document record and variant bounds from their definitions
ok 8 - hosts reading only the Binding IR document record and variant bounds from their definitions
  ---
  duration_ms: 20.084353
  type: 'test'
  ...
# Subtest: the independent record review passes reviewed admission and equals the compiled contract
ok 9 - the independent record review passes reviewed admission and equals the compiled contract
  ---
  duration_ms: 27.600188
  type: 'test'
  ...
# Subtest: reviewed record and variant field bounds must equal the freshly compiled definitions
ok 10 - reviewed record and variant field bounds must equal the freshly compiled definitions
  ---
  duration_ms: 58.172694
  type: 'test'
  ...
# Subtest: every native profile has a Fin record consumer and a target
ok 11 - every native profile has a Fin record consumer and a target
  ---
  duration_ms: 19.863052
  type: 'test'
  ...
# Subtest: relocated source-free native packages check Fin inside record fields and the active variant case
ok 12 - relocated source-free native packages check Fin inside record fields and the active variant case # SKIP
  ---
  duration_ms: 0.319157
  type: 'test'
  ...
# Subtest: independently reviewed native packages check record and variant field bounds after source-free installation
ok 13 - independently reviewed native packages check record and variant field bounds after source-free installation
  ---
  duration_ms: 400116.345636
  type: 'test'
  ...
# build 0: c, cpp
# installing and checking c
# installing and checking cpp
# build 1: c, cpp
# Subtest: changed record and variant reviews are refused against fresh Lean before any output
    # Subtest: tightened field
    ok 1 - tightened field
      ---
      duration_ms: 16487.062359
      type: 'test'
      ...
    # Subtest: bound moved to the other field
    ok 2 - bound moved to the other field
      ---
      duration_ms: 16922.798695
      type: 'test'
      ...
    # Subtest: loosened nested record's own bound
    ok 3 - loosened nested record's own bound
      ---
      duration_ms: 17150.817446
      type: 'test'
      ...
    # Subtest: tightened case field
    ok 4 - tightened case field
      ---
      duration_ms: 17022.49068
      type: 'test'
      ...
    # Subtest: loosened Fin 0 case
    ok 5 - loosened Fin 0 case
      ---
      duration_ms: 15544.225434
      type: 'test'
      ...
    1..5
ok 14 - changed record and variant reviews are refused against fresh Lean before any output
  ---
  duration_ms: 83132.604915
  type: 'test'
  ...
1..14
# tests 19
# suites 0
# pass 18
# fail 0
# cancelled 0
# skipped 1
# todo 0
# duration_ms 484946.519893
exit=0
