TAP version 13
# Subtest: Fin product arrays authenticates each exact source predecessor
ok 1 - Fin product arrays authenticates each exact source predecessor
  ---
  duration_ms: 162.361853
  type: 'test'
  ...
# Subtest: Fin product arrays changes current source pins without inventing installed evidence
ok 2 - Fin product arrays changes current source pins without inventing installed evidence
  ---
  duration_ms: 418.214232
  type: 'test'
  ...
# Subtest: an array directly over a product keeps the component bound and only the error-branch bound
ok 3 - an array directly over a product keeps the component bound and only the error-branch bound
  ---
  duration_ms: 55.188332
  type: 'test'
  ...
# Subtest: C adapters compare every element's component and active error branch on caller limbs before Lean runs
ok 4 - C adapters compare every element's component and active error branch on caller limbs before Lean runs
  ---
  duration_ms: 11.696077
  type: 'test'
  ...
# Subtest: Lean adapters construct Fin for every element before one source call
ok 5 - Lean adapters construct Fin for every element before one source call
  ---
  duration_ms: 23.949389
  type: 'test'
  ...
# Subtest: Perl XS names the element index, the component and the active branch
ok 6 - Perl XS names the element index, the component and the active branch
  ---
  duration_ms: 12.628281
  type: 'test'
  ...
# Subtest: the independent array review passes reviewed admission and equals the compiled trees
ok 7 - the independent array review passes reviewed admission and equals the compiled trees
  ---
  duration_ms: 2.72899
  type: 'test'
  ...
# Subtest: reviewed array bounds and positions must equal the freshly compiled tree
ok 8 - reviewed array bounds and positions must equal the freshly compiled tree
  ---
  duration_ms: 10.638271
  type: 'test'
  ...
# Subtest: every native profile has a Fin product array consumer and a target
ok 9 - every native profile has a Fin product array consumer and a target
  ---
  duration_ms: 7.472158
  type: 'test'
  ...
# Subtest: the C consumer passes a faithful stand-in and fails one that rewrites the rejected leaf
ok 10 - the C consumer passes a faithful stand-in and fails one that rewrites the rejected leaf
  ---
  duration_ms: 332.771216
  type: 'test'
  ...
# Subtest: relocated source-free native packages check Fin inside every element of an array of products
ok 11 - relocated source-free native packages check Fin inside every element of an array of products # SKIP
  ---
  duration_ms: 0.276674
  type: 'test'
  ...
# Subtest: independently reviewed native packages check array-of-product bounds after source-free installation
ok 12 - independently reviewed native packages check array-of-product bounds after source-free installation
  ---
  duration_ms: 382640.117165
  type: 'test'
  ...
# build 0: c, cpp
# installing and checking c
# installing and checking cpp
# build 1: c, cpp
# Subtest: changed array-of-product reviews are refused against fresh Lean before any output
    # Subtest: tightened component
    ok 1 - tightened component
      ---
      duration_ms: 14887.37348
      type: 'test'
      ...
    # Subtest: loosened error branch
    ok 2 - loosened error branch
      ---
      duration_ms: 14832.879853
      type: 'test'
      ...
    # Subtest: bound moved to the ok branch
    ok 3 - bound moved to the ok branch
      ---
      duration_ms: 14771.14817
      type: 'test'
      ...
    # Subtest: dropped result bound
    ok 4 - dropped result bound
      ---
      duration_ms: 14526.290416
      type: 'test'
      ...
    1..4
ok 13 - changed array-of-product reviews are refused against fresh Lean before any output
  ---
  duration_ms: 59021.899776
  type: 'test'
  ...
1..13
# tests 17
# suites 0
# pass 16
# fail 0
# cancelled 0
# skipped 1
# todo 0
# duration_ms 443082.830885
exit=0
