TAP version 13
# Subtest: original installed Subtype probes authenticate all ordinary and reviewed executions
ok 1 - original installed Subtype probes authenticate all ordinary and reviewed executions
  ---
  duration_ms: 903.442287
  type: 'test'
  ...
# Subtest: installed Subtype probe reports reject missing modes, forged entries and compiler-sidecar changes
ok 2 - installed Subtype probe reports reject missing modes, forged entries and compiler-sidecar changes
  ---
  duration_ms: 4355.50637
  type: 'test'
  ...
# Subtest: installed Subtype archive rejects changed indexes and both length and same-length record corruption
ok 3 - installed Subtype archive rejects changed indexes and both length and same-length record corruption
  ---
  duration_ms: 1838.176676
  type: 'test'
  ...
# Subtest: installed Subtype entry CLI requires both complete source routes and refuses ambiguous flags
ok 4 - installed Subtype entry CLI requires both complete source routes and refuses ambiguous flags
  ---
  duration_ms: 7531.672743
  type: 'test'
  ...
1..4
# tests 4
# suites 0
# pass 4
# fail 0
# cancelled 0
# skipped 0
# todo 0
# duration_ms 15897.73824
