# step product-ordinary
TAP version 13
# Subtest: relocated source-free native packages check Fin inside products and the active Except branch
ok 1 - relocated source-free native packages check Fin inside products and the active Except branch
  ---
  duration_ms: 129516.665457
  type: 'test'
  ...
# build 0: rust
# installing and checking rust
# build 1: rust
1..1
# tests 1
# suites 0
# pass 1
# fail 0
# cancelled 0
# skipped 0
# todo 0
# duration_ms 129948.018698
exit=0
# step product-reviewed
TAP version 13
# Subtest: independently reviewed native packages check product and Except bounds after source-free installation
ok 1 - independently reviewed native packages check product and Except bounds after source-free installation
  ---
  duration_ms: 117049.48422
  type: 'test'
  ...
# build 0: rust
# installing and checking rust
# build 1: rust
1..1
# tests 1
# suites 0
# pass 1
# fail 0
# cancelled 0
# skipped 0
# todo 0
# duration_ms 117466.412278
exit=0
# step product-array-ordinary
TAP version 13
# Subtest: relocated source-free native packages check Fin inside every element of an array of products
ok 1 - relocated source-free native packages check Fin inside every element of an array of products
  ---
  duration_ms: 114433.838624
  type: 'test'
  ...
# build 0: rust
# installing and checking rust
# build 1: rust
1..1
# tests 1
# suites 0
# pass 1
# fail 0
# cancelled 0
# skipped 0
# todo 0
# duration_ms 114832.316296
exit=0
# step product-array-reviewed
TAP version 13
# Subtest: independently reviewed native packages check array-of-product bounds after source-free installation
ok 1 - independently reviewed native packages check array-of-product bounds after source-free installation
  ---
  duration_ms: 114117.450877
  type: 'test'
  ...
# build 0: rust
# installing and checking rust
# build 1: rust
1..1
# tests 1
# suites 0
# pass 1
# fail 0
# cancelled 0
# skipped 0
# todo 0
# duration_ms 114550.870879
exit=0
# step record-ordinary
TAP version 13
# Subtest: relocated source-free native packages check Fin inside record fields and the active variant case
ok 1 - relocated source-free native packages check Fin inside record fields and the active variant case
  ---
  duration_ms: 120955.919458
  type: 'test'
  ...
# build 0: rust
# installing and checking rust
# build 1: rust
1..1
# tests 1
# suites 0
# pass 1
# fail 0
# cancelled 0
# skipped 0
# todo 0
# duration_ms 121537.858434
exit=0
# step record-reviewed
TAP version 13
# Subtest: independently reviewed native packages check record and variant field bounds after source-free installation
ok 1 - independently reviewed native packages check record and variant field bounds after source-free installation
  ---
  duration_ms: 125151.869008
  type: 'test'
  ...
# build 0: rust
# installing and checking rust
# build 1: rust
1..1
# tests 1
# suites 0
# pass 1
# fail 0
# cancelled 0
# skipped 0
# todo 0
# duration_ms 125725.608759
exit=0
